<?xml version="1.0" encoding="ISO-8859-1" ?>
<link_info>
   <banner>TMS320C2000 Linker PC v25.11.0.LTS</banner>
   <copyright>Copyright (c) 1996-2018 Texas Instruments Incorporated</copyright>
   <command_line>C:\ti\ccs2050\ccs\tools\compiler\ti-cgt-c2000_25.11.0.LTS\bin\lnk2000.exe -lC:\\Users\\guilh\\AppData\\Local\\Temp\\{8D53F215-19D0-46B7-9602-E5FE419B8001}</command_line>
   <link_time>0x69f2a562</link_time>
   <link_errors>0x0</link_errors>
   <output_file>C:\Users\guilh\OneDrive - Universidade Federal de Juiz de Fora\Documentos\GitC2000\fsm\CPU1_RAM\FSM.out</output_file>
   <entry_point>
      <name>code_start</name>
      <address>0x0</address>
   </entry_point>
   <input_file_list>
      <input_file id="fl-2">
         <path>C:\Users\guilh\OneDrive - Universidade Federal de Juiz de Fora\Documentos\GitC2000\fsm\CPU1_RAM\.\syscfg\</path>
         <kind>object</kind>
         <file>board.obj</file>
         <name>board.obj</name>
      </input_file>
      <input_file id="fl-3">
         <path>C:\Users\guilh\OneDrive - Universidade Federal de Juiz de Fora\Documentos\GitC2000\fsm\CPU1_RAM\.\syscfg\</path>
         <kind>object</kind>
         <file>c2000ware_libraries.obj</file>
         <name>c2000ware_libraries.obj</name>
      </input_file>
      <input_file id="fl-4">
         <path>C:\Users\guilh\OneDrive - Universidade Federal de Juiz de Fora\Documentos\GitC2000\fsm\CPU1_RAM\.\</path>
         <kind>object</kind>
         <file>main.obj</file>
         <name>main.obj</name>
      </input_file>
      <input_file id="fl-5">
         <path>C:\Users\guilh\OneDrive - Universidade Federal de Juiz de Fora\Documentos\GitC2000\fsm\CPU1_RAM\.\device\</path>
         <kind>object</kind>
         <file>F2837xD_CodeStartBranch.obj</file>
         <name>F2837xD_CodeStartBranch.obj</name>
      </input_file>
      <input_file id="fl-6">
         <path>C:\Users\guilh\OneDrive - Universidade Federal de Juiz de Fora\Documentos\GitC2000\fsm\CPU1_RAM\.\device\</path>
         <kind>object</kind>
         <file>device.obj</file>
         <name>device.obj</name>
      </input_file>
      <input_file id="fl-7">
         <path>C:\Users\guilh\OneDrive - Universidade Federal de Juiz de Fora\Documentos\GitC2000\fsm\CPU1_RAM\.\src\</path>
         <kind>object</kind>
         <file>fsm.obj</file>
         <name>fsm.obj</name>
      </input_file>
      <input_file id="fl-c">
         <path>C:\Users\guilh\OneDrive - Universidade Federal de Juiz de Fora\Documentos\GitC2000\fsm\CPU1_RAM\</path>
         <kind>object</kind>
         <file>&lt;internal&gt;</file>
         <name>&lt;internal&gt;</name>
      </input_file>
      <input_file id="fl-10">
         <path>C:\ti\c2000\C2000Ware_5_04_00_00\driverlib\f2837xd\driverlib\ccs\Debug\</path>
         <kind>archive</kind>
         <file>driverlib_eabi.lib</file>
         <name>gpio.obj</name>
      </input_file>
      <input_file id="fl-11">
         <path>C:\ti\c2000\C2000Ware_5_04_00_00\driverlib\f2837xd\driverlib\ccs\Debug\</path>
         <kind>archive</kind>
         <file>driverlib_eabi.lib</file>
         <name>interrupt.obj</name>
      </input_file>
      <input_file id="fl-12">
         <path>C:\ti\c2000\C2000Ware_5_04_00_00\driverlib\f2837xd\driverlib\ccs\Debug\</path>
         <kind>archive</kind>
         <file>driverlib_eabi.lib</file>
         <name>sysctl.obj</name>
      </input_file>
      <input_file id="fl-1e">
         <path>C:\ti\ccs2050\ccs\tools\compiler\ti-cgt-c2000_25.11.0.LTS\lib\</path>
         <kind>archive</kind>
         <file>rts2800_fpu32_eabi.lib</file>
         <name>boot28.asm.obj</name>
      </input_file>
      <input_file id="fl-1f">
         <path>C:\ti\ccs2050\ccs\tools\compiler\ti-cgt-c2000_25.11.0.LTS\lib\</path>
         <kind>archive</kind>
         <file>rts2800_fpu32_eabi.lib</file>
         <name>fs_div28.asm.obj</name>
      </input_file>
      <input_file id="fl-20">
         <path>C:\ti\ccs2050\ccs\tools\compiler\ti-cgt-c2000_25.11.0.LTS\lib\</path>
         <kind>archive</kind>
         <file>rts2800_fpu32_eabi.lib</file>
         <name>pre_init.c.obj</name>
      </input_file>
      <input_file id="fl-21">
         <path>C:\ti\ccs2050\ccs\tools\compiler\ti-cgt-c2000_25.11.0.LTS\lib\</path>
         <kind>archive</kind>
         <file>rts2800_fpu32_eabi.lib</file>
         <name>autoinit.c.obj</name>
      </input_file>
      <input_file id="fl-22">
         <path>C:\ti\ccs2050\ccs\tools\compiler\ti-cgt-c2000_25.11.0.LTS\lib\</path>
         <kind>archive</kind>
         <file>rts2800_fpu32_eabi.lib</file>
         <name>copy_zero_init.c.obj</name>
      </input_file>
      <input_file id="fl-23">
         <path>C:\ti\ccs2050\ccs\tools\compiler\ti-cgt-c2000_25.11.0.LTS\lib\</path>
         <kind>archive</kind>
         <file>rts2800_fpu32_eabi.lib</file>
         <name>copy_decompress_none.c.obj</name>
      </input_file>
      <input_file id="fl-24">
         <path>C:\ti\ccs2050\ccs\tools\compiler\ti-cgt-c2000_25.11.0.LTS\lib\</path>
         <kind>archive</kind>
         <file>rts2800_fpu32_eabi.lib</file>
         <name>copy_decompress_lzss.c.obj</name>
      </input_file>
      <input_file id="fl-25">
         <path>C:\ti\ccs2050\ccs\tools\compiler\ti-cgt-c2000_25.11.0.LTS\lib\</path>
         <kind>archive</kind>
         <file>rts2800_fpu32_eabi.lib</file>
         <name>exit.c.obj</name>
      </input_file>
      <input_file id="fl-26">
         <path>C:\ti\ccs2050\ccs\tools\compiler\ti-cgt-c2000_25.11.0.LTS\lib\</path>
         <kind>archive</kind>
         <file>rts2800_fpu32_eabi.lib</file>
         <name>_lock.c.obj</name>
      </input_file>
      <input_file id="fl-27">
         <path>C:\ti\ccs2050\ccs\tools\compiler\ti-cgt-c2000_25.11.0.LTS\lib\</path>
         <kind>archive</kind>
         <file>rts2800_fpu32_eabi.lib</file>
         <name>args_main.c.obj</name>
      </input_file>
      <input_file id="fl-28">
         <path>C:\ti\ccs2050\ccs\tools\compiler\ti-cgt-c2000_25.11.0.LTS\lib\</path>
         <kind>archive</kind>
         <file>rts2800_fpu32_eabi.lib</file>
         <name>memset.c.obj</name>
      </input_file>
      <input_file id="fl-29">
         <path>C:\ti\ccs2050\ccs\tools\compiler\ti-cgt-c2000_25.11.0.LTS\lib\</path>
         <kind>archive</kind>
         <file>rts2800_fpu32_eabi.lib</file>
         <name>cpy_tbl.c.obj</name>
      </input_file>
      <input_file id="fl-2a">
         <path>C:\ti\ccs2050\ccs\tools\compiler\ti-cgt-c2000_25.11.0.LTS\lib\</path>
         <kind>archive</kind>
         <file>rts2800_fpu32_eabi.lib</file>
         <name>memcpy.c.obj</name>
      </input_file>
      <input_file id="fl-2b">
         <path>C:\ti\ccs2050\ccs\tools\compiler\ti-cgt-c2000_25.11.0.LTS\lib\</path>
         <kind>archive</kind>
         <file>rts2800_fpu32_eabi.lib</file>
         <name>startup.c.obj</name>
      </input_file>
   </input_file_list>
   <object_component_list>
      <object_component id="oc-2d">
         <name>codestart</name>
         <load_address>0x0</load_address>
         <readonly>true</readonly>
         <executable>true</executable>
         <run_address>0x0</run_address>
         <size>0x2</size>
         <alignment>0x1</alignment>
         <input_file_ref idref="fl-5"/>
      </object_component>
      <object_component id="oc-193">
         <name>.text</name>
         <load_address>0x8000</load_address>
         <readonly>true</readonly>
         <executable>true</executable>
         <run_address>0x8000</run_address>
         <size>0x88</size>
         <alignment>0x1</alignment>
         <input_file_ref idref="fl-1f"/>
      </object_component>
      <object_component id="oc-138">
         <name>.text:SysCtl_getClock</name>
         <load_address>0x8088</load_address>
         <readonly>true</readonly>
         <executable>true</executable>
         <run_address>0x8088</run_address>
         <size>0x51</size>
         <alignment>0x1</alignment>
         <input_file_ref idref="fl-12"/>
      </object_component>
      <object_component id="oc-187">
         <name>.text:SysCtl_selectOscSource</name>
         <load_address>0x80d9</load_address>
         <readonly>true</readonly>
         <executable>true</executable>
         <run_address>0x80d9</run_address>
         <size>0x48</size>
         <alignment>0x1</alignment>
         <input_file_ref idref="fl-12"/>
      </object_component>
      <object_component id="oc-105">
         <name>.text:Interrupt_initModule</name>
         <load_address>0x8121</load_address>
         <readonly>true</readonly>
         <executable>true</executable>
         <run_address>0x8121</run_address>
         <size>0x3d</size>
         <alignment>0x1</alignment>
         <input_file_ref idref="fl-11"/>
      </object_component>
      <object_component id="oc-157">
         <name>.text:GPIO_setControllerCore</name>
         <load_address>0x815e</load_address>
         <readonly>true</readonly>
         <executable>true</executable>
         <run_address>0x815e</run_address>
         <size>0x37</size>
         <alignment>0x1</alignment>
         <input_file_ref idref="fl-10"/>
      </object_component>
      <object_component id="oc-151">
         <name>.text:GPIO_setPinConfig</name>
         <load_address>0x8195</load_address>
         <readonly>true</readonly>
         <executable>true</executable>
         <run_address>0x8195</run_address>
         <size>0x37</size>
         <alignment>0x1</alignment>
         <input_file_ref idref="fl-10"/>
      </object_component>
      <object_component id="oc-14b">
         <name>.text:GPIO_setQualificationMode</name>
         <load_address>0x81cc</load_address>
         <readonly>true</readonly>
         <executable>true</executable>
         <run_address>0x81cc</run_address>
         <size>0x37</size>
         <alignment>0x1</alignment>
         <input_file_ref idref="fl-10"/>
      </object_component>
      <object_component id="oc-145">
         <name>.text:GPIO_setDirectionMode</name>
         <load_address>0x8203</load_address>
         <readonly>true</readonly>
         <executable>true</executable>
         <run_address>0x8203</run_address>
         <size>0x31</size>
         <alignment>0x1</alignment>
         <input_file_ref idref="fl-10"/>
      </object_component>
      <object_component id="oc-20">
         <name>.text:decompress:lzss</name>
         <load_address>0x8234</load_address>
         <readonly>true</readonly>
         <executable>true</executable>
         <run_address>0x8234</run_address>
         <size>0x2e</size>
         <alignment>0x1</alignment>
         <input_file_ref idref="fl-24"/>
      </object_component>
      <object_component id="oc-a7">
         <name>.text:__TI_auto_init_nobinit_nopinit</name>
         <load_address>0x8262</load_address>
         <readonly>true</readonly>
         <executable>true</executable>
         <run_address>0x8262</run_address>
         <size>0x2b</size>
         <alignment>0x1</alignment>
         <input_file_ref idref="fl-21"/>
      </object_component>
      <object_component id="oc-9b">
         <name>.text</name>
         <load_address>0x828d</load_address>
         <readonly>true</readonly>
         <executable>true</executable>
         <run_address>0x828d</run_address>
         <size>0x29</size>
         <alignment>0x1</alignment>
         <input_file_ref idref="fl-25"/>
      </object_component>
      <object_component id="oc-1d7">
         <name>.text:CPUTimer_selectClockSource</name>
         <load_address>0x82b6</load_address>
         <readonly>true</readonly>
         <executable>true</executable>
         <run_address>0x82b6</run_address>
         <size>0x28</size>
         <alignment>0x1</alignment>
         <input_file_ref idref="fl-12"/>
      </object_component>
      <object_component id="oc-4d">
         <name>.text</name>
         <load_address>0x82de</load_address>
         <readonly>true</readonly>
         <executable>true</executable>
         <run_address>0x82de</run_address>
         <size>0x20</size>
         <alignment>0x1</alignment>
         <input_file_ref idref="fl-2a"/>
      </object_component>
      <object_component id="oc-202">
         <name>.text:CPUTimer_getTimerOverflowStatus</name>
         <load_address>0x82fe</load_address>
         <readonly>true</readonly>
         <executable>true</executable>
         <run_address>0x82fe</run_address>
         <size>0x1f</size>
         <alignment>0x1</alignment>
         <input_file_ref idref="fl-12"/>
      </object_component>
      <object_component id="oc-36">
         <name>.text:Interrupt_initVectorTable</name>
         <load_address>0x831d</load_address>
         <readonly>true</readonly>
         <executable>true</executable>
         <run_address>0x831d</run_address>
         <size>0x1e</size>
         <alignment>0x1</alignment>
         <input_file_ref idref="fl-11"/>
      </object_component>
      <object_component id="oc-13f">
         <name>.text:SysCtl_getLowSpeedClock</name>
         <load_address>0x833b</load_address>
         <readonly>true</readonly>
         <executable>true</executable>
         <run_address>0x833b</run_address>
         <size>0x1a</size>
         <alignment>0x1</alignment>
         <input_file_ref idref="fl-12"/>
      </object_component>
      <object_component id="oc-1f6">
         <name>.text:CPUTimer_isBaseValid</name>
         <load_address>0x8355</load_address>
         <readonly>true</readonly>
         <executable>true</executable>
         <run_address>0x8355</run_address>
         <size>0x17</size>
         <alignment>0x1</alignment>
         <input_file_ref idref="fl-12"/>
      </object_component>
      <object_component id="oc-7d">
         <name>.text</name>
         <load_address>0x836c</load_address>
         <readonly>true</readonly>
         <executable>true</executable>
         <run_address>0x836c</run_address>
         <size>0x17</size>
         <alignment>0x1</alignment>
         <input_file_ref idref="fl-1e"/>
      </object_component>
      <object_component id="oc-32">
         <name>.text:Interrupt_defaultHandler</name>
         <load_address>0x8383</load_address>
         <readonly>true</readonly>
         <executable>true</executable>
         <run_address>0x8383</run_address>
         <size>0x16</size>
         <alignment>0x1</alignment>
         <input_file_ref idref="fl-11"/>
      </object_component>
      <object_component id="oc-d7">
         <name>.text</name>
         <load_address>0x8399</load_address>
         <readonly>true</readonly>
         <executable>true</executable>
         <run_address>0x8399</run_address>
         <size>0x16</size>
         <alignment>0x1</alignment>
         <input_file_ref idref="fl-4"/>
      </object_component>
      <object_component id="oc-1cb">
         <name>.text:CPUTimer_stopTimer</name>
         <load_address>0x83af</load_address>
         <readonly>true</readonly>
         <executable>true</executable>
         <run_address>0x83af</run_address>
         <size>0x14</size>
         <alignment>0x1</alignment>
         <input_file_ref idref="fl-12"/>
      </object_component>
      <object_component id="oc-1dd">
         <name>.text:CPUTimer_clearOverflowFlag</name>
         <load_address>0x83c3</load_address>
         <readonly>true</readonly>
         <executable>true</executable>
         <run_address>0x83c3</run_address>
         <size>0x12</size>
         <alignment>0x1</alignment>
         <input_file_ref idref="fl-12"/>
      </object_component>
      <object_component id="oc-1c5">
         <name>.text:CPUTimer_disableInterrupt</name>
         <load_address>0x83d5</load_address>
         <readonly>true</readonly>
         <executable>true</executable>
         <run_address>0x83d5</run_address>
         <size>0x12</size>
         <alignment>0x1</alignment>
         <input_file_ref idref="fl-12"/>
      </object_component>
      <object_component id="oc-95">
         <name>.text</name>
         <load_address>0x83e7</load_address>
         <readonly>true</readonly>
         <executable>true</executable>
         <run_address>0x83e7</run_address>
         <size>0x12</size>
         <alignment>0x1</alignment>
         <input_file_ref idref="fl-27"/>
      </object_component>
      <object_component id="oc-1d1">
         <name>.text:CPUTimer_setPeriod</name>
         <load_address>0x83f9</load_address>
         <readonly>true</readonly>
         <executable>true</executable>
         <run_address>0x83f9</run_address>
         <size>0x11</size>
         <alignment>0x1</alignment>
         <input_file_ref idref="fl-12"/>
      </object_component>
      <object_component id="oc-1e9">
         <name>.text:SysCtl_pollCpuTimer</name>
         <load_address>0x840a</load_address>
         <readonly>true</readonly>
         <executable>true</executable>
         <run_address>0x840a</run_address>
         <size>0xf</size>
         <alignment>0x1</alignment>
         <input_file_ref idref="fl-12"/>
      </object_component>
      <object_component id="oc-19b">
         <name>.text:GPIO_isPinValid</name>
         <load_address>0x8419</load_address>
         <readonly>true</readonly>
         <executable>true</executable>
         <run_address>0x8419</run_address>
         <size>0xe</size>
         <alignment>0x1</alignment>
         <input_file_ref idref="fl-10"/>
      </object_component>
      <object_component id="oc-162">
         <name>.text:Interrupt_disableGlobal</name>
         <load_address>0x8427</load_address>
         <readonly>true</readonly>
         <executable>true</executable>
         <run_address>0x8427</run_address>
         <size>0xd</size>
         <alignment>0x1</alignment>
         <input_file_ref idref="fl-11"/>
      </object_component>
      <object_component id="oc-181">
         <name>.text:SysCtl_isMCDClockFailureDetected</name>
         <load_address>0x8434</load_address>
         <readonly>true</readonly>
         <executable>true</executable>
         <run_address>0x8434</run_address>
         <size>0xb</size>
         <alignment>0x1</alignment>
         <input_file_ref idref="fl-12"/>
      </object_component>
      <object_component id="oc-3e">
         <name>.text:Interrupt_illegalOperationHandler</name>
         <load_address>0x843f</load_address>
         <readonly>true</readonly>
         <executable>true</executable>
         <run_address>0x843f</run_address>
         <size>0xa</size>
         <alignment>0x1</alignment>
         <input_file_ref idref="fl-11"/>
      </object_component>
      <object_component id="oc-44">
         <name>.text:Interrupt_nmiHandler</name>
         <load_address>0x8449</load_address>
         <readonly>true</readonly>
         <executable>true</executable>
         <run_address>0x8449</run_address>
         <size>0xa</size>
         <alignment>0x1</alignment>
         <input_file_ref idref="fl-11"/>
      </object_component>
      <object_component id="oc-18d">
         <name>.text:SysCtl_serviceWatchdog</name>
         <load_address>0x8453</load_address>
         <readonly>true</readonly>
         <executable>true</executable>
         <run_address>0x8453</run_address>
         <size>0x9</size>
         <alignment>0x1</alignment>
         <input_file_ref idref="fl-12"/>
      </object_component>
      <object_component id="oc-119">
         <name>.text</name>
         <load_address>0x845c</load_address>
         <readonly>true</readonly>
         <executable>true</executable>
         <run_address>0x845c</run_address>
         <size>0x9</size>
         <alignment>0x1</alignment>
         <input_file_ref idref="fl-26"/>
      </object_component>
      <object_component id="oc-61">
         <name>.text</name>
         <load_address>0x8465</load_address>
         <readonly>true</readonly>
         <executable>true</executable>
         <run_address>0x8465</run_address>
         <size>0x8</size>
         <alignment>0x1</alignment>
         <input_file_ref idref="fl-5"/>
      </object_component>
      <object_component id="oc-26">
         <name>.text:decompress:none</name>
         <load_address>0x846d</load_address>
         <readonly>true</readonly>
         <executable>true</executable>
         <run_address>0x846d</run_address>
         <size>0x8</size>
         <alignment>0x1</alignment>
         <input_file_ref idref="fl-23"/>
      </object_component>
      <object_component id="oc-1ef">
         <name>.text:SysCtl_resetMCD</name>
         <load_address>0x8475</load_address>
         <readonly>true</readonly>
         <executable>true</executable>
         <run_address>0x8475</run_address>
         <size>0x7</size>
         <alignment>0x1</alignment>
         <input_file_ref idref="fl-12"/>
      </object_component>
      <object_component id="oc-ff">
         <name>.text</name>
         <load_address>0xb000</load_address>
         <readonly>true</readonly>
         <executable>true</executable>
         <run_address>0xb000</run_address>
         <size>0x3ff</size>
         <alignment>0x1</alignment>
         <input_file_ref idref="fl-6"/>
      </object_component>
      <object_component id="oc-132">
         <name>.text:SysCtl_setClock</name>
         <load_address>0xb3ff</load_address>
         <readonly>true</readonly>
         <executable>true</executable>
         <run_address>0xb3ff</run_address>
         <size>0x209</size>
         <alignment>0x1</alignment>
         <input_file_ref idref="fl-12"/>
      </object_component>
      <object_component id="oc-10b">
         <name>.text</name>
         <load_address>0xb608</load_address>
         <readonly>true</readonly>
         <executable>true</executable>
         <run_address>0xb608</run_address>
         <size>0xe3</size>
         <alignment>0x1</alignment>
         <input_file_ref idref="fl-7"/>
      </object_component>
      <object_component id="oc-1b8">
         <name>.text:SysCtl_selectXTAL</name>
         <load_address>0xb6eb</load_address>
         <readonly>true</readonly>
         <executable>true</executable>
         <run_address>0xb6eb</run_address>
         <size>0x90</size>
         <alignment>0x1</alignment>
         <input_file_ref idref="fl-12"/>
      </object_component>
      <object_component id="oc-12c">
         <name>.text:SysCtl_getDeviceParametric</name>
         <load_address>0xb77b</load_address>
         <readonly>true</readonly>
         <executable>true</executable>
         <run_address>0xb77b</run_address>
         <size>0x68</size>
         <alignment>0x1</alignment>
         <input_file_ref idref="fl-12"/>
      </object_component>
      <object_component id="oc-1e3">
         <name>.text:CPUTimer_startTimer</name>
         <load_address>0xb7e3</load_address>
         <readonly>true</readonly>
         <executable>true</executable>
         <run_address>0xb7e3</run_address>
         <size>0x1a</size>
         <alignment>0x1</alignment>
         <input_file_ref idref="fl-12"/>
      </object_component>
      <object_component id="oc-8e">
         <name>.text</name>
         <load_address>0xb7fd</load_address>
         <readonly>true</readonly>
         <executable>true</executable>
         <run_address>0xb7fd</run_address>
         <size>0x2</size>
         <alignment>0x1</alignment>
         <input_file_ref idref="fl-20"/>
      </object_component>
      <object_component id="oc-ea">
         <name>.text</name>
         <load_address>0xb7ff</load_address>
         <readonly>true</readonly>
         <executable>true</executable>
         <run_address>0xb7ff</run_address>
         <size>0x1</size>
         <alignment>0x1</alignment>
         <input_file_ref idref="fl-2b"/>
      </object_component>
      <object_component id="oc-23f">
         <name>.cinit..data.load</name>
         <load_address>0x128</load_address>
         <readonly>true</readonly>
         <run_address>0x128</run_address>
         <size>0x9</size>
         <alignment>0x1</alignment>
      </object_component>
      <object_component id="oc-23d">
         <name>__TI_handler_table</name>
         <load_address>0x132</load_address>
         <readonly>true</readonly>
         <run_address>0x132</run_address>
         <size>0x4</size>
         <alignment>0x2</alignment>
      </object_component>
      <object_component id="oc-23e">
         <name>__TI_cinit_table</name>
         <load_address>0x136</load_address>
         <readonly>true</readonly>
         <run_address>0x136</run_address>
         <size>0x4</size>
         <alignment>0x2</alignment>
      </object_component>
      <object_component id="oc-4a">
         <name>.stack</name>
         <uninitialized>true</uninitialized>
         <readwrite>true</readwrite>
         <run_address>0x400</run_address>
         <size>0x0</size>
         <alignment>0x1</alignment>
         <input_file_ref idref="fl-1e"/>
      </object_component>
      <object_component id="oc-240">
         <name>.stack</name>
         <uninitialized>true</uninitialized>
         <readwrite>true</readwrite>
         <run_address>0x400</run_address>
         <size>0x0</size>
         <alignment>0x2</alignment>
      </object_component>
      <object_component id="oc-180">
         <name>.const:.string</name>
         <load_address>0xa800</load_address>
         <readonly>true</readonly>
         <run_address>0xa800</run_address>
         <size>0xc2</size>
         <alignment>0x2</alignment>
         <input_file_ref idref="fl-12"/>
      </object_component>
      <object_component id="oc-1a1">
         <name>.const:.string</name>
         <load_address>0xa8c2</load_address>
         <readonly>true</readonly>
         <run_address>0xa8c2</run_address>
         <size>0xbc</size>
         <alignment>0x2</alignment>
         <input_file_ref idref="fl-10"/>
      </object_component>
      <object_component id="oc-13e">
         <name>.const:.string</name>
         <load_address>0xa97e</load_address>
         <readonly>true</readonly>
         <run_address>0xa97e</run_address>
         <size>0x13</size>
         <alignment>0x2</alignment>
         <input_file_ref idref="fl-6"/>
      </object_component>
      <object_component id="oc-15d">
         <name>.data</name>
         <load_address>0xa99e</load_address>
         <readwrite>true</readwrite>
         <run_address>0xa99e</run_address>
         <size>0x6</size>
         <alignment>0x2</alignment>
         <input_file_ref idref="fl-6"/>
      </object_component>
      <object_component id="oc-169">
         <name>.data</name>
         <load_address>0xa992</load_address>
         <readwrite>true</readwrite>
         <run_address>0xa992</run_address>
         <size>0xc</size>
         <alignment>0x2</alignment>
         <input_file_ref idref="fl-7"/>
      </object_component>
      <object_component id="oc-df">
         <name>.data</name>
         <load_address>0xa9a4</load_address>
         <readwrite>true</readwrite>
         <run_address>0xa9a4</run_address>
         <size>0x6</size>
         <alignment>0x2</alignment>
         <input_file_ref idref="fl-25"/>
      </object_component>
      <object_component id="oc-e2">
         <name>.data:_lock</name>
         <load_address>0xa9aa</load_address>
         <readwrite>true</readwrite>
         <run_address>0xa9aa</run_address>
         <size>0x2</size>
         <alignment>0x2</alignment>
         <input_file_ref idref="fl-26"/>
      </object_component>
      <object_component id="oc-171">
         <name>.data:_unlock</name>
         <load_address>0xa9ac</load_address>
         <readwrite>true</readwrite>
         <run_address>0xa9ac</run_address>
         <size>0x2</size>
         <alignment>0x2</alignment>
         <input_file_ref idref="fl-26"/>
      </object_component>
      <object_component id="oc-111">
         <name>.TI.ramfunc</name>
         <load_address>0x123</load_address>
         <readonly>true</readonly>
         <executable>true</executable>
         <run_address>0x123</run_address>
         <size>0x4</size>
         <alignment>0x1</alignment>
         <input_file_ref idref="fl-12"/>
      </object_component>
      <object_component id="oc-113">
         <name>.debug_types</name>
         <load_address>0x0</load_address>
         <run_address>0x0</run_address>
         <size>0x347</size>
         <alignment>0x0</alignment>
         <input_file_ref idref="fl-4"/>
      </object_component>
      <object_component id="oc-161">
         <name>.debug_types</name>
         <load_address>0x347</load_address>
         <run_address>0x347</run_address>
         <size>0x1105</size>
         <alignment>0x0</alignment>
         <input_file_ref idref="fl-6"/>
      </object_component>
      <object_component id="oc-16d">
         <name>.debug_types</name>
         <load_address>0x144c</load_address>
         <run_address>0x144c</run_address>
         <size>0x1fa</size>
         <alignment>0x0</alignment>
         <input_file_ref idref="fl-7"/>
      </object_component>
      <object_component id="oc-1a3">
         <name>.debug_types</name>
         <load_address>0x1646</load_address>
         <run_address>0x1646</run_address>
         <size>0x332</size>
         <alignment>0x0</alignment>
         <input_file_ref idref="fl-10"/>
      </object_component>
      <object_component id="oc-68">
         <name>.debug_types</name>
         <load_address>0x0</load_address>
         <run_address>0x0</run_address>
         <size>0x0</size>
         <alignment>0x0</alignment>
         <input_file_ref idref="fl-11"/>
      </object_component>
      <object_component id="oc-17f">
         <name>.debug_types</name>
         <load_address>0x1978</load_address>
         <run_address>0x1978</run_address>
         <size>0x254</size>
         <alignment>0x0</alignment>
         <input_file_ref idref="fl-12"/>
      </object_component>
      <object_component id="oc-a6">
         <name>.debug_types</name>
         <load_address>0x0</load_address>
         <run_address>0x0</run_address>
         <size>0x0</size>
         <alignment>0x0</alignment>
         <input_file_ref idref="fl-20"/>
      </object_component>
      <object_component id="oc-f1">
         <name>.debug_types</name>
         <load_address>0x1bcc</load_address>
         <run_address>0x1bcc</run_address>
         <size>0x4e8</size>
         <alignment>0x0</alignment>
         <input_file_ref idref="fl-21"/>
      </object_component>
      <object_component id="oc-54">
         <name>.debug_types</name>
         <load_address>0x20b4</load_address>
         <run_address>0x20b4</run_address>
         <size>0x1c8</size>
         <alignment>0x0</alignment>
         <input_file_ref idref="fl-23"/>
      </object_component>
      <object_component id="oc-4c">
         <name>.debug_types</name>
         <load_address>0x227c</load_address>
         <run_address>0x227c</run_address>
         <size>0x191</size>
         <alignment>0x0</alignment>
         <input_file_ref idref="fl-24"/>
      </object_component>
      <object_component id="oc-e6">
         <name>.debug_types</name>
         <load_address>0x240d</load_address>
         <run_address>0x240d</run_address>
         <size>0xbf</size>
         <alignment>0x0</alignment>
         <input_file_ref idref="fl-25"/>
      </object_component>
      <object_component id="oc-121">
         <name>.debug_types</name>
         <load_address>0x24cc</load_address>
         <run_address>0x24cc</run_address>
         <size>0x2f</size>
         <alignment>0x0</alignment>
         <input_file_ref idref="fl-26"/>
      </object_component>
      <object_component id="oc-de">
         <name>.debug_types</name>
         <load_address>0x24fb</load_address>
         <run_address>0x24fb</run_address>
         <size>0xe1</size>
         <alignment>0x0</alignment>
         <input_file_ref idref="fl-27"/>
      </object_component>
      <object_component id="oc-70">
         <name>.debug_types</name>
         <load_address>0x25dc</load_address>
         <run_address>0x25dc</run_address>
         <size>0xe3</size>
         <alignment>0x0</alignment>
         <input_file_ref idref="fl-2a"/>
      </object_component>
      <object_component id="oc-126">
         <name>.debug_types</name>
         <load_address>0x0</load_address>
         <run_address>0x0</run_address>
         <size>0x0</size>
         <alignment>0x0</alignment>
         <input_file_ref idref="fl-2b"/>
      </object_component>
      <object_component id="oc-d9">
         <name>.debug_info</name>
         <load_address>0x0</load_address>
         <run_address>0x0</run_address>
         <size>0x1a5</size>
         <alignment>0x0</alignment>
         <input_file_ref idref="fl-4"/>
      </object_component>
      <object_component id="oc-2f">
         <name>.debug_info</name>
         <load_address>0x1a5</load_address>
         <run_address>0x1a5</run_address>
         <size>0x134</size>
         <alignment>0x0</alignment>
         <input_file_ref idref="fl-5"/>
      </object_component>
      <object_component id="oc-63">
         <name>.debug_info</name>
         <load_address>0x2d9</load_address>
         <run_address>0x2d9</run_address>
         <size>0x135</size>
         <alignment>0x0</alignment>
         <input_file_ref idref="fl-5"/>
      </object_component>
      <object_component id="oc-15e">
         <name>.debug_info</name>
         <load_address>0x40e</load_address>
         <run_address>0x40e</run_address>
         <size>0x17f</size>
         <alignment>0x0</alignment>
         <input_file_ref idref="fl-6"/>
      </object_component>
      <object_component id="oc-101">
         <name>.debug_info</name>
         <load_address>0x58d</load_address>
         <run_address>0x58d</run_address>
         <size>0x1d06</size>
         <alignment>0x0</alignment>
         <input_file_ref idref="fl-6"/>
      </object_component>
      <object_component id="oc-16a">
         <name>.debug_info</name>
         <load_address>0x2293</load_address>
         <run_address>0x2293</run_address>
         <size>0x2bd</size>
         <alignment>0x0</alignment>
         <input_file_ref idref="fl-7"/>
      </object_component>
      <object_component id="oc-10d">
         <name>.debug_info</name>
         <load_address>0x2550</load_address>
         <run_address>0x2550</run_address>
         <size>0x7f2</size>
         <alignment>0x0</alignment>
         <input_file_ref idref="fl-7"/>
      </object_component>
      <object_component id="oc-19c">
         <name>.debug_info</name>
         <load_address>0x2d42</load_address>
         <run_address>0x2d42</run_address>
         <size>0x205</size>
         <alignment>0x0</alignment>
         <input_file_ref idref="fl-10"/>
      </object_component>
      <object_component id="oc-147">
         <name>.debug_info</name>
         <load_address>0x2f47</load_address>
         <run_address>0x2f47</run_address>
         <size>0x27d</size>
         <alignment>0x0</alignment>
         <input_file_ref idref="fl-10"/>
      </object_component>
      <object_component id="oc-14c">
         <name>.debug_info</name>
         <load_address>0x31c4</load_address>
         <run_address>0x31c4</run_address>
         <size>0x2ae</size>
         <alignment>0x0</alignment>
         <input_file_ref idref="fl-10"/>
      </object_component>
      <object_component id="oc-158">
         <name>.debug_info</name>
         <load_address>0x3472</load_address>
         <run_address>0x3472</run_address>
         <size>0x296</size>
         <alignment>0x0</alignment>
         <input_file_ref idref="fl-10"/>
      </object_component>
      <object_component id="oc-152">
         <name>.debug_info</name>
         <load_address>0x3708</load_address>
         <run_address>0x3708</run_address>
         <size>0x24f</size>
         <alignment>0x0</alignment>
         <input_file_ref idref="fl-10"/>
      </object_component>
      <object_component id="oc-163">
         <name>.debug_info</name>
         <load_address>0x3957</load_address>
         <run_address>0x3957</run_address>
         <size>0x200</size>
         <alignment>0x0</alignment>
         <input_file_ref idref="fl-11"/>
      </object_component>
      <object_component id="oc-107">
         <name>.debug_info</name>
         <load_address>0x3b57</load_address>
         <run_address>0x3b57</run_address>
         <size>0x20f</size>
         <alignment>0x0</alignment>
         <input_file_ref idref="fl-11"/>
      </object_component>
      <object_component id="oc-3c">
         <name>.debug_info</name>
         <load_address>0x3d66</load_address>
         <run_address>0x3d66</run_address>
         <size>0x21c</size>
         <alignment>0x0</alignment>
         <input_file_ref idref="fl-11"/>
      </object_component>
      <object_component id="oc-41">
         <name>.debug_info</name>
         <load_address>0x3f82</load_address>
         <run_address>0x3f82</run_address>
         <size>0x202</size>
         <alignment>0x0</alignment>
         <input_file_ref idref="fl-11"/>
      </object_component>
      <object_component id="oc-48">
         <name>.debug_info</name>
         <load_address>0x4184</load_address>
         <run_address>0x4184</run_address>
         <size>0x1e8</size>
         <alignment>0x0</alignment>
         <input_file_ref idref="fl-11"/>
      </object_component>
      <object_component id="oc-39">
         <name>.debug_info</name>
         <load_address>0x436c</load_address>
         <run_address>0x436c</run_address>
         <size>0x20c</size>
         <alignment>0x0</alignment>
         <input_file_ref idref="fl-11"/>
      </object_component>
      <object_component id="oc-190">
         <name>.debug_info</name>
         <load_address>0x4578</load_address>
         <run_address>0x4578</run_address>
         <size>0x1f2</size>
         <alignment>0x0</alignment>
         <input_file_ref idref="fl-12"/>
      </object_component>
      <object_component id="oc-184">
         <name>.debug_info</name>
         <load_address>0x476a</load_address>
         <run_address>0x476a</run_address>
         <size>0x20e</size>
         <alignment>0x0</alignment>
         <input_file_ref idref="fl-12"/>
      </object_component>
      <object_component id="oc-1f2">
         <name>.debug_info</name>
         <load_address>0x4978</load_address>
         <run_address>0x4978</run_address>
         <size>0x1e4</size>
         <alignment>0x0</alignment>
         <input_file_ref idref="fl-12"/>
      </object_component>
      <object_component id="oc-1f9">
         <name>.debug_info</name>
         <load_address>0x4b5c</load_address>
         <run_address>0x4b5c</run_address>
         <size>0x217</size>
         <alignment>0x0</alignment>
         <input_file_ref idref="fl-12"/>
      </object_component>
      <object_component id="oc-1e0">
         <name>.debug_info</name>
         <load_address>0x4d73</load_address>
         <run_address>0x4d73</run_address>
         <size>0x244</size>
         <alignment>0x0</alignment>
         <input_file_ref idref="fl-12"/>
      </object_component>
      <object_component id="oc-1c8">
         <name>.debug_info</name>
         <load_address>0x4fb7</load_address>
         <run_address>0x4fb7</run_address>
         <size>0x242</size>
         <alignment>0x0</alignment>
         <input_file_ref idref="fl-12"/>
      </object_component>
      <object_component id="oc-1ce">
         <name>.debug_info</name>
         <load_address>0x51f9</load_address>
         <run_address>0x51f9</run_address>
         <size>0x24a</size>
         <alignment>0x0</alignment>
         <input_file_ref idref="fl-12"/>
      </object_component>
      <object_component id="oc-1e6">
         <name>.debug_info</name>
         <load_address>0x5443</load_address>
         <run_address>0x5443</run_address>
         <size>0x24d</size>
         <alignment>0x0</alignment>
         <input_file_ref idref="fl-12"/>
      </object_component>
      <object_component id="oc-1d4">
         <name>.debug_info</name>
         <load_address>0x5690</load_address>
         <run_address>0x5690</run_address>
         <size>0x24e</size>
         <alignment>0x0</alignment>
         <input_file_ref idref="fl-12"/>
      </object_component>
      <object_component id="oc-205">
         <name>.debug_info</name>
         <load_address>0x58de</load_address>
         <run_address>0x58de</run_address>
         <size>0x258</size>
         <alignment>0x0</alignment>
         <input_file_ref idref="fl-12"/>
      </object_component>
      <object_component id="oc-1da">
         <name>.debug_info</name>
         <load_address>0x5b36</load_address>
         <run_address>0x5b36</run_address>
         <size>0x27c</size>
         <alignment>0x0</alignment>
         <input_file_ref idref="fl-12"/>
      </object_component>
      <object_component id="oc-1ec">
         <name>.debug_info</name>
         <load_address>0x5db2</load_address>
         <run_address>0x5db2</run_address>
         <size>0x241</size>
         <alignment>0x0</alignment>
         <input_file_ref idref="fl-12"/>
      </object_component>
      <object_component id="oc-13b">
         <name>.debug_info</name>
         <load_address>0x5ff3</load_address>
         <run_address>0x5ff3</run_address>
         <size>0x277</size>
         <alignment>0x0</alignment>
         <input_file_ref idref="fl-12"/>
      </object_component>
      <object_component id="oc-135">
         <name>.debug_info</name>
         <load_address>0x626a</load_address>
         <run_address>0x626a</run_address>
         <size>0x519</size>
         <alignment>0x0</alignment>
         <input_file_ref idref="fl-12"/>
      </object_component>
      <object_component id="oc-1bb">
         <name>.debug_info</name>
         <load_address>0x6783</load_address>
         <run_address>0x6783</run_address>
         <size>0x3ba</size>
         <alignment>0x0</alignment>
         <input_file_ref idref="fl-12"/>
      </object_component>
      <object_component id="oc-18a">
         <name>.debug_info</name>
         <load_address>0x6b3d</load_address>
         <run_address>0x6b3d</run_address>
         <size>0x243</size>
         <alignment>0x0</alignment>
         <input_file_ref idref="fl-12"/>
      </object_component>
      <object_component id="oc-142">
         <name>.debug_info</name>
         <load_address>0x6d80</load_address>
         <run_address>0x6d80</run_address>
         <size>0x251</size>
         <alignment>0x0</alignment>
         <input_file_ref idref="fl-12"/>
      </object_component>
      <object_component id="oc-12f">
         <name>.debug_info</name>
         <load_address>0x6fd1</load_address>
         <run_address>0x6fd1</run_address>
         <size>0x241</size>
         <alignment>0x0</alignment>
         <input_file_ref idref="fl-12"/>
      </object_component>
      <object_component id="oc-7e">
         <name>.debug_info</name>
         <load_address>0x7212</load_address>
         <run_address>0x7212</run_address>
         <size>0x141</size>
         <alignment>0x0</alignment>
         <input_file_ref idref="fl-1e"/>
      </object_component>
      <object_component id="oc-195">
         <name>.debug_info</name>
         <load_address>0x7353</load_address>
         <run_address>0x7353</run_address>
         <size>0x110</size>
         <alignment>0x0</alignment>
         <input_file_ref idref="fl-1f"/>
      </object_component>
      <object_component id="oc-91">
         <name>.debug_info</name>
         <load_address>0x7463</load_address>
         <run_address>0x7463</run_address>
         <size>0x136</size>
         <alignment>0x0</alignment>
         <input_file_ref idref="fl-20"/>
      </object_component>
      <object_component id="oc-aa">
         <name>.debug_info</name>
         <load_address>0x7599</load_address>
         <run_address>0x7599</run_address>
         <size>0x1a8</size>
         <alignment>0x0</alignment>
         <input_file_ref idref="fl-21"/>
      </object_component>
      <object_component id="oc-27">
         <name>.debug_info</name>
         <load_address>0x7741</load_address>
         <run_address>0x7741</run_address>
         <size>0x1a0</size>
         <alignment>0x0</alignment>
         <input_file_ref idref="fl-23"/>
      </object_component>
      <object_component id="oc-24">
         <name>.debug_info</name>
         <load_address>0x78e1</load_address>
         <run_address>0x78e1</run_address>
         <size>0x1f5</size>
         <alignment>0x0</alignment>
         <input_file_ref idref="fl-24"/>
      </object_component>
      <object_component id="oc-e0">
         <name>.debug_info</name>
         <load_address>0x7ad6</load_address>
         <run_address>0x7ad6</run_address>
         <size>0x187</size>
         <alignment>0x0</alignment>
         <input_file_ref idref="fl-25"/>
      </object_component>
      <object_component id="oc-9c">
         <name>.debug_info</name>
         <load_address>0x7c5d</load_address>
         <run_address>0x7c5d</run_address>
         <size>0x192</size>
         <alignment>0x0</alignment>
         <input_file_ref idref="fl-25"/>
      </object_component>
      <object_component id="oc-e3">
         <name>.debug_info</name>
         <load_address>0x7def</load_address>
         <run_address>0x7def</run_address>
         <size>0xf0</size>
         <alignment>0x0</alignment>
         <input_file_ref idref="fl-26"/>
      </object_component>
      <object_component id="oc-172">
         <name>.debug_info</name>
         <load_address>0x7edf</load_address>
         <run_address>0x7edf</run_address>
         <size>0xf4</size>
         <alignment>0x0</alignment>
         <input_file_ref idref="fl-26"/>
      </object_component>
      <object_component id="oc-11c">
         <name>.debug_info</name>
         <load_address>0x7fd3</load_address>
         <run_address>0x7fd3</run_address>
         <size>0x1ec</size>
         <alignment>0x0</alignment>
         <input_file_ref idref="fl-26"/>
      </object_component>
      <object_component id="oc-97">
         <name>.debug_info</name>
         <load_address>0x81bf</load_address>
         <run_address>0x81bf</run_address>
         <size>0x156</size>
         <alignment>0x0</alignment>
         <input_file_ref idref="fl-27"/>
      </object_component>
      <object_component id="oc-4f">
         <name>.debug_info</name>
         <load_address>0x8315</load_address>
         <run_address>0x8315</run_address>
         <size>0x184</size>
         <alignment>0x0</alignment>
         <input_file_ref idref="fl-2a"/>
      </object_component>
      <object_component id="oc-ec">
         <name>.debug_info</name>
         <load_address>0x8499</load_address>
         <run_address>0x8499</run_address>
         <size>0x130</size>
         <alignment>0x0</alignment>
         <input_file_ref idref="fl-2b"/>
      </object_component>
      <object_component id="oc-243">
         <name>.debug_info</name>
         <load_address>0x85c9</load_address>
         <run_address>0x85c9</run_address>
         <size>0xd4</size>
         <alignment>0x0</alignment>
      </object_component>
      <object_component id="oc-db">
         <name>.debug_line</name>
         <load_address>0x0</load_address>
         <run_address>0x0</run_address>
         <size>0x4b</size>
         <alignment>0x0</alignment>
         <input_file_ref idref="fl-4"/>
      </object_component>
      <object_component id="oc-16f">
         <name>.debug_line</name>
         <load_address>0x4b</load_address>
         <run_address>0x4b</run_address>
         <size>0x21</size>
         <alignment>0x0</alignment>
         <input_file_ref idref="fl-4"/>
      </object_component>
      <object_component id="oc-2e">
         <name>.debug_line</name>
         <load_address>0x6c</load_address>
         <run_address>0x6c</run_address>
         <size>0x55</size>
         <alignment>0x0</alignment>
         <input_file_ref idref="fl-5"/>
      </object_component>
      <object_component id="oc-65">
         <name>.debug_line</name>
         <load_address>0xc1</load_address>
         <run_address>0xc1</run_address>
         <size>0x5d</size>
         <alignment>0x0</alignment>
         <input_file_ref idref="fl-5"/>
      </object_component>
      <object_component id="oc-1a8">
         <name>.debug_line</name>
         <load_address>0x11e</load_address>
         <run_address>0x11e</run_address>
         <size>0x37</size>
         <alignment>0x0</alignment>
         <input_file_ref idref="fl-6"/>
      </object_component>
      <object_component id="oc-103">
         <name>.debug_line</name>
         <load_address>0x155</load_address>
         <run_address>0x155</run_address>
         <size>0x409</size>
         <alignment>0x0</alignment>
         <input_file_ref idref="fl-6"/>
      </object_component>
      <object_component id="oc-1aa">
         <name>.debug_line</name>
         <load_address>0x55e</load_address>
         <run_address>0x55e</run_address>
         <size>0xb1</size>
         <alignment>0x0</alignment>
         <input_file_ref idref="fl-6"/>
      </object_component>
      <object_component id="oc-1ae">
         <name>.debug_line</name>
         <load_address>0x60f</load_address>
         <run_address>0x60f</run_address>
         <size>0x31</size>
         <alignment>0x0</alignment>
         <input_file_ref idref="fl-7"/>
      </object_component>
      <object_component id="oc-110">
         <name>.debug_line</name>
         <load_address>0x640</load_address>
         <run_address>0x640</run_address>
         <size>0x210</size>
         <alignment>0x0</alignment>
         <input_file_ref idref="fl-7"/>
      </object_component>
      <object_component id="oc-1b0">
         <name>.debug_line</name>
         <load_address>0x850</load_address>
         <run_address>0x850</run_address>
         <size>0x95</size>
         <alignment>0x0</alignment>
         <input_file_ref idref="fl-7"/>
      </object_component>
      <object_component id="oc-19f">
         <name>.debug_line</name>
         <load_address>0x8e5</load_address>
         <run_address>0x8e5</run_address>
         <size>0x98</size>
         <alignment>0x0</alignment>
         <input_file_ref idref="fl-10"/>
      </object_component>
      <object_component id="oc-146">
         <name>.debug_line</name>
         <load_address>0x97d</load_address>
         <run_address>0x97d</run_address>
         <size>0xa2</size>
         <alignment>0x0</alignment>
         <input_file_ref idref="fl-10"/>
      </object_component>
      <object_component id="oc-14f">
         <name>.debug_line</name>
         <load_address>0xa1f</load_address>
         <run_address>0xa1f</run_address>
         <size>0x9f</size>
         <alignment>0x0</alignment>
         <input_file_ref idref="fl-10"/>
      </object_component>
      <object_component id="oc-15c">
         <name>.debug_line</name>
         <load_address>0xabe</load_address>
         <run_address>0xabe</run_address>
         <size>0x9f</size>
         <alignment>0x0</alignment>
         <input_file_ref idref="fl-10"/>
      </object_component>
      <object_component id="oc-155">
         <name>.debug_line</name>
         <load_address>0xb5d</load_address>
         <run_address>0xb5d</run_address>
         <size>0x9f</size>
         <alignment>0x0</alignment>
         <input_file_ref idref="fl-10"/>
      </object_component>
      <object_component id="oc-1c3">
         <name>.debug_line</name>
         <load_address>0xbfc</load_address>
         <run_address>0xbfc</run_address>
         <size>0xe4</size>
         <alignment>0x0</alignment>
         <input_file_ref idref="fl-10"/>
      </object_component>
      <object_component id="oc-167">
         <name>.debug_line</name>
         <load_address>0xce0</load_address>
         <run_address>0xce0</run_address>
         <size>0x9d</size>
         <alignment>0x0</alignment>
         <input_file_ref idref="fl-11"/>
      </object_component>
      <object_component id="oc-109">
         <name>.debug_line</name>
         <load_address>0xd7d</load_address>
         <run_address>0xd7d</run_address>
         <size>0xb8</size>
         <alignment>0x0</alignment>
         <input_file_ref idref="fl-11"/>
      </object_component>
      <object_component id="oc-35">
         <name>.debug_line</name>
         <load_address>0xe35</load_address>
         <run_address>0xe35</run_address>
         <size>0xa3</size>
         <alignment>0x0</alignment>
         <input_file_ref idref="fl-11"/>
      </object_component>
      <object_component id="oc-43">
         <name>.debug_line</name>
         <load_address>0xed8</load_address>
         <run_address>0xed8</run_address>
         <size>0x9b</size>
         <alignment>0x0</alignment>
         <input_file_ref idref="fl-11"/>
      </object_component>
      <object_component id="oc-47">
         <name>.debug_line</name>
         <load_address>0xf73</load_address>
         <run_address>0xf73</run_address>
         <size>0x9b</size>
         <alignment>0x0</alignment>
         <input_file_ref idref="fl-11"/>
      </object_component>
      <object_component id="oc-37">
         <name>.debug_line</name>
         <load_address>0x100e</load_address>
         <run_address>0x100e</run_address>
         <size>0xb1</size>
         <alignment>0x0</alignment>
         <input_file_ref idref="fl-11"/>
      </object_component>
      <object_component id="oc-84">
         <name>.debug_line</name>
         <load_address>0x10bf</load_address>
         <run_address>0x10bf</run_address>
         <size>0x21</size>
         <alignment>0x0</alignment>
         <input_file_ref idref="fl-11"/>
      </object_component>
      <object_component id="oc-192">
         <name>.debug_line</name>
         <load_address>0x10e0</load_address>
         <run_address>0x10e0</run_address>
         <size>0x9d</size>
         <alignment>0x0</alignment>
         <input_file_ref idref="fl-12"/>
      </object_component>
      <object_component id="oc-183">
         <name>.debug_line</name>
         <load_address>0x117d</load_address>
         <run_address>0x117d</run_address>
         <size>0x9a</size>
         <alignment>0x0</alignment>
         <input_file_ref idref="fl-12"/>
      </object_component>
      <object_component id="oc-1f1">
         <name>.debug_line</name>
         <load_address>0x1217</load_address>
         <run_address>0x1217</run_address>
         <size>0x9c</size>
         <alignment>0x0</alignment>
         <input_file_ref idref="fl-12"/>
      </object_component>
      <object_component id="oc-1f8">
         <name>.debug_line</name>
         <load_address>0x12b3</load_address>
         <run_address>0x12b3</run_address>
         <size>0x9c</size>
         <alignment>0x0</alignment>
         <input_file_ref idref="fl-12"/>
      </object_component>
      <object_component id="oc-1de">
         <name>.debug_line</name>
         <load_address>0x134f</load_address>
         <run_address>0x134f</run_address>
         <size>0x9d</size>
         <alignment>0x0</alignment>
         <input_file_ref idref="fl-12"/>
      </object_component>
      <object_component id="oc-1c6">
         <name>.debug_line</name>
         <load_address>0x13ec</load_address>
         <run_address>0x13ec</run_address>
         <size>0x9d</size>
         <alignment>0x0</alignment>
         <input_file_ref idref="fl-12"/>
      </object_component>
      <object_component id="oc-1cd">
         <name>.debug_line</name>
         <load_address>0x1489</load_address>
         <run_address>0x1489</run_address>
         <size>0xa1</size>
         <alignment>0x0</alignment>
         <input_file_ref idref="fl-12"/>
      </object_component>
      <object_component id="oc-1e4">
         <name>.debug_line</name>
         <load_address>0x152a</load_address>
         <run_address>0x152a</run_address>
         <size>0xa2</size>
         <alignment>0x0</alignment>
         <input_file_ref idref="fl-12"/>
      </object_component>
      <object_component id="oc-1d3">
         <name>.debug_line</name>
         <load_address>0x15cc</load_address>
         <run_address>0x15cc</run_address>
         <size>0x9d</size>
         <alignment>0x0</alignment>
         <input_file_ref idref="fl-12"/>
      </object_component>
      <object_component id="oc-204">
         <name>.debug_line</name>
         <load_address>0x1669</load_address>
         <run_address>0x1669</run_address>
         <size>0x9d</size>
         <alignment>0x0</alignment>
         <input_file_ref idref="fl-12"/>
      </object_component>
      <object_component id="oc-1d8">
         <name>.debug_line</name>
         <load_address>0x1706</load_address>
         <run_address>0x1706</run_address>
         <size>0xa7</size>
         <alignment>0x0</alignment>
         <input_file_ref idref="fl-12"/>
      </object_component>
      <object_component id="oc-1ea">
         <name>.debug_line</name>
         <load_address>0x17ad</load_address>
         <run_address>0x17ad</run_address>
         <size>0xa1</size>
         <alignment>0x0</alignment>
         <input_file_ref idref="fl-12"/>
      </object_component>
      <object_component id="oc-139">
         <name>.debug_line</name>
         <load_address>0x184e</load_address>
         <run_address>0x184e</run_address>
         <size>0xb4</size>
         <alignment>0x0</alignment>
         <input_file_ref idref="fl-12"/>
      </object_component>
      <object_component id="oc-133">
         <name>.debug_line</name>
         <load_address>0x1902</load_address>
         <run_address>0x1902</run_address>
         <size>0x19e</size>
         <alignment>0x0</alignment>
         <input_file_ref idref="fl-12"/>
      </object_component>
      <object_component id="oc-1b9">
         <name>.debug_line</name>
         <load_address>0x1aa0</load_address>
         <run_address>0x1aa0</run_address>
         <size>0xd2</size>
         <alignment>0x0</alignment>
         <input_file_ref idref="fl-12"/>
      </object_component>
      <object_component id="oc-188">
         <name>.debug_line</name>
         <load_address>0x1b72</load_address>
         <run_address>0x1b72</run_address>
         <size>0xbe</size>
         <alignment>0x0</alignment>
         <input_file_ref idref="fl-12"/>
      </object_component>
      <object_component id="oc-141">
         <name>.debug_line</name>
         <load_address>0x1c30</load_address>
         <run_address>0x1c30</run_address>
         <size>0xa1</size>
         <alignment>0x0</alignment>
         <input_file_ref idref="fl-12"/>
      </object_component>
      <object_component id="oc-12d">
         <name>.debug_line</name>
         <load_address>0x1cd1</load_address>
         <run_address>0x1cd1</run_address>
         <size>0xc7</size>
         <alignment>0x0</alignment>
         <input_file_ref idref="fl-12"/>
      </object_component>
      <object_component id="oc-1b5">
         <name>.debug_line</name>
         <load_address>0x1d98</load_address>
         <run_address>0x1d98</run_address>
         <size>0x14b</size>
         <alignment>0x0</alignment>
         <input_file_ref idref="fl-12"/>
      </object_component>
      <object_component id="oc-81">
         <name>.debug_line</name>
         <load_address>0x1ee3</load_address>
         <run_address>0x1ee3</run_address>
         <size>0x4f</size>
         <alignment>0x0</alignment>
         <input_file_ref idref="fl-1e"/>
      </object_component>
      <object_component id="oc-194">
         <name>.debug_line</name>
         <load_address>0x1f32</load_address>
         <run_address>0x1f32</run_address>
         <size>0xae</size>
         <alignment>0x0</alignment>
         <input_file_ref idref="fl-1f"/>
      </object_component>
      <object_component id="oc-8f">
         <name>.debug_line</name>
         <load_address>0x1fe0</load_address>
         <run_address>0x1fe0</run_address>
         <size>0x3f</size>
         <alignment>0x0</alignment>
         <input_file_ref idref="fl-20"/>
      </object_component>
      <object_component id="oc-e8">
         <name>.debug_line</name>
         <load_address>0x201f</load_address>
         <run_address>0x201f</run_address>
         <size>0x21</size>
         <alignment>0x0</alignment>
         <input_file_ref idref="fl-20"/>
      </object_component>
      <object_component id="oc-a8">
         <name>.debug_line</name>
         <load_address>0x2040</load_address>
         <run_address>0x2040</run_address>
         <size>0x74</size>
         <alignment>0x0</alignment>
         <input_file_ref idref="fl-21"/>
      </object_component>
      <object_component id="oc-128">
         <name>.debug_line</name>
         <load_address>0x20b4</load_address>
         <run_address>0x20b4</run_address>
         <size>0x21</size>
         <alignment>0x0</alignment>
         <input_file_ref idref="fl-21"/>
      </object_component>
      <object_component id="oc-2a">
         <name>.debug_line</name>
         <load_address>0x20d5</load_address>
         <run_address>0x20d5</run_address>
         <size>0x57</size>
         <alignment>0x0</alignment>
         <input_file_ref idref="fl-23"/>
      </object_component>
      <object_component id="oc-72">
         <name>.debug_line</name>
         <load_address>0x212c</load_address>
         <run_address>0x212c</run_address>
         <size>0x21</size>
         <alignment>0x0</alignment>
         <input_file_ref idref="fl-23"/>
      </object_component>
      <object_component id="oc-21">
         <name>.debug_line</name>
         <load_address>0x214d</load_address>
         <run_address>0x214d</run_address>
         <size>0x9a</size>
         <alignment>0x0</alignment>
         <input_file_ref idref="fl-24"/>
      </object_component>
      <object_component id="oc-6d">
         <name>.debug_line</name>
         <load_address>0x21e7</load_address>
         <run_address>0x21e7</run_address>
         <size>0x21</size>
         <alignment>0x0</alignment>
         <input_file_ref idref="fl-24"/>
      </object_component>
      <object_component id="oc-118">
         <name>.debug_line</name>
         <load_address>0x2208</load_address>
         <run_address>0x2208</run_address>
         <size>0x2b</size>
         <alignment>0x0</alignment>
         <input_file_ref idref="fl-25"/>
      </object_component>
      <object_component id="oc-9f">
         <name>.debug_line</name>
         <load_address>0x2233</load_address>
         <run_address>0x2233</run_address>
         <size>0x66</size>
         <alignment>0x0</alignment>
         <input_file_ref idref="fl-25"/>
      </object_component>
      <object_component id="oc-123">
         <name>.debug_line</name>
         <load_address>0x2299</load_address>
         <run_address>0x2299</run_address>
         <size>0x21</size>
         <alignment>0x0</alignment>
         <input_file_ref idref="fl-25"/>
      </object_component>
      <object_component id="oc-120">
         <name>.debug_line</name>
         <load_address>0x22ba</load_address>
         <run_address>0x22ba</run_address>
         <size>0x2c</size>
         <alignment>0x0</alignment>
         <input_file_ref idref="fl-26"/>
      </object_component>
      <object_component id="oc-1b3">
         <name>.debug_line</name>
         <load_address>0x22e6</load_address>
         <run_address>0x22e6</run_address>
         <size>0x2c</size>
         <alignment>0x0</alignment>
         <input_file_ref idref="fl-26"/>
      </object_component>
      <object_component id="oc-11e">
         <name>.debug_line</name>
         <load_address>0x2312</load_address>
         <run_address>0x2312</run_address>
         <size>0x5f</size>
         <alignment>0x0</alignment>
         <input_file_ref idref="fl-26"/>
      </object_component>
      <object_component id="oc-176">
         <name>.debug_line</name>
         <load_address>0x2371</load_address>
         <run_address>0x2371</run_address>
         <size>0x21</size>
         <alignment>0x0</alignment>
         <input_file_ref idref="fl-26"/>
      </object_component>
      <object_component id="oc-96">
         <name>.debug_line</name>
         <load_address>0x2392</load_address>
         <run_address>0x2392</run_address>
         <size>0x50</size>
         <alignment>0x0</alignment>
         <input_file_ref idref="fl-27"/>
      </object_component>
      <object_component id="oc-115">
         <name>.debug_line</name>
         <load_address>0x23e2</load_address>
         <run_address>0x23e2</run_address>
         <size>0x30</size>
         <alignment>0x0</alignment>
         <input_file_ref idref="fl-27"/>
      </object_component>
      <object_component id="oc-52">
         <name>.debug_line</name>
         <load_address>0x2412</load_address>
         <run_address>0x2412</run_address>
         <size>0x57</size>
         <alignment>0x0</alignment>
         <input_file_ref idref="fl-2a"/>
      </object_component>
      <object_component id="oc-87">
         <name>.debug_line</name>
         <load_address>0x2469</load_address>
         <run_address>0x2469</run_address>
         <size>0x21</size>
         <alignment>0x0</alignment>
         <input_file_ref idref="fl-2a"/>
      </object_component>
      <object_component id="oc-ef">
         <name>.debug_line</name>
         <load_address>0x248a</load_address>
         <run_address>0x248a</run_address>
         <size>0x3b</size>
         <alignment>0x0</alignment>
         <input_file_ref idref="fl-2b"/>
      </object_component>
      <object_component id="oc-179">
         <name>.debug_line</name>
         <load_address>0x24c5</load_address>
         <run_address>0x24c5</run_address>
         <size>0x21</size>
         <alignment>0x0</alignment>
         <input_file_ref idref="fl-2b"/>
      </object_component>
      <object_component id="oc-dc">
         <name>.debug_frame</name>
         <load_address>0x0</load_address>
         <run_address>0x0</run_address>
         <size>0x40</size>
         <alignment>0x4</alignment>
         <input_file_ref idref="fl-4"/>
      </object_component>
      <object_component id="oc-104">
         <name>.debug_frame</name>
         <load_address>0x40</load_address>
         <run_address>0x40</run_address>
         <size>0x230</size>
         <alignment>0x4</alignment>
         <input_file_ref idref="fl-6"/>
      </object_component>
      <object_component id="oc-10c">
         <name>.debug_frame</name>
         <load_address>0x270</load_address>
         <run_address>0x270</run_address>
         <size>0x190</size>
         <alignment>0x4</alignment>
         <input_file_ref idref="fl-7"/>
      </object_component>
      <object_component id="oc-1a0">
         <name>.debug_frame</name>
         <load_address>0x400</load_address>
         <run_address>0x400</run_address>
         <size>0x44</size>
         <alignment>0x4</alignment>
         <input_file_ref idref="fl-10"/>
      </object_component>
      <object_component id="oc-14a">
         <name>.debug_frame</name>
         <load_address>0x444</load_address>
         <run_address>0x444</run_address>
         <size>0x44</size>
         <alignment>0x4</alignment>
         <input_file_ref idref="fl-10"/>
      </object_component>
      <object_component id="oc-150">
         <name>.debug_frame</name>
         <load_address>0x488</load_address>
         <run_address>0x488</run_address>
         <size>0x44</size>
         <alignment>0x4</alignment>
         <input_file_ref idref="fl-10"/>
      </object_component>
      <object_component id="oc-15b">
         <name>.debug_frame</name>
         <load_address>0x4cc</load_address>
         <run_address>0x4cc</run_address>
         <size>0x44</size>
         <alignment>0x4</alignment>
         <input_file_ref idref="fl-10"/>
      </object_component>
      <object_component id="oc-156">
         <name>.debug_frame</name>
         <load_address>0x510</load_address>
         <run_address>0x510</run_address>
         <size>0x44</size>
         <alignment>0x4</alignment>
         <input_file_ref idref="fl-10"/>
      </object_component>
      <object_component id="oc-166">
         <name>.debug_frame</name>
         <load_address>0x554</load_address>
         <run_address>0x554</run_address>
         <size>0x40</size>
         <alignment>0x4</alignment>
         <input_file_ref idref="fl-11"/>
      </object_component>
      <object_component id="oc-10a">
         <name>.debug_frame</name>
         <load_address>0x594</load_address>
         <run_address>0x594</run_address>
         <size>0x40</size>
         <alignment>0x4</alignment>
         <input_file_ref idref="fl-11"/>
      </object_component>
      <object_component id="oc-34">
         <name>.debug_frame</name>
         <load_address>0x5d4</load_address>
         <run_address>0x5d4</run_address>
         <size>0x4c</size>
         <alignment>0x4</alignment>
         <input_file_ref idref="fl-11"/>
      </object_component>
      <object_component id="oc-3f">
         <name>.debug_frame</name>
         <load_address>0x620</load_address>
         <run_address>0x620</run_address>
         <size>0x48</size>
         <alignment>0x4</alignment>
         <input_file_ref idref="fl-11"/>
      </object_component>
      <object_component id="oc-46">
         <name>.debug_frame</name>
         <load_address>0x668</load_address>
         <run_address>0x668</run_address>
         <size>0x48</size>
         <alignment>0x4</alignment>
         <input_file_ref idref="fl-11"/>
      </object_component>
      <object_component id="oc-3b">
         <name>.debug_frame</name>
         <load_address>0x6b0</load_address>
         <run_address>0x6b0</run_address>
         <size>0x44</size>
         <alignment>0x4</alignment>
         <input_file_ref idref="fl-11"/>
      </object_component>
      <object_component id="oc-18e">
         <name>.debug_frame</name>
         <load_address>0x6f4</load_address>
         <run_address>0x6f4</run_address>
         <size>0x40</size>
         <alignment>0x4</alignment>
         <input_file_ref idref="fl-12"/>
      </object_component>
      <object_component id="oc-182">
         <name>.debug_frame</name>
         <load_address>0x734</load_address>
         <run_address>0x734</run_address>
         <size>0x40</size>
         <alignment>0x4</alignment>
         <input_file_ref idref="fl-12"/>
      </object_component>
      <object_component id="oc-1f0">
         <name>.debug_frame</name>
         <load_address>0x774</load_address>
         <run_address>0x774</run_address>
         <size>0x40</size>
         <alignment>0x4</alignment>
         <input_file_ref idref="fl-12"/>
      </object_component>
      <object_component id="oc-1f7">
         <name>.debug_frame</name>
         <load_address>0x7b4</load_address>
         <run_address>0x7b4</run_address>
         <size>0x44</size>
         <alignment>0x4</alignment>
         <input_file_ref idref="fl-12"/>
      </object_component>
      <object_component id="oc-1df">
         <name>.debug_frame</name>
         <load_address>0x7f8</load_address>
         <run_address>0x7f8</run_address>
         <size>0x44</size>
         <alignment>0x4</alignment>
         <input_file_ref idref="fl-12"/>
      </object_component>
      <object_component id="oc-1c7">
         <name>.debug_frame</name>
         <load_address>0x83c</load_address>
         <run_address>0x83c</run_address>
         <size>0x44</size>
         <alignment>0x4</alignment>
         <input_file_ref idref="fl-12"/>
      </object_component>
      <object_component id="oc-1cc">
         <name>.debug_frame</name>
         <load_address>0x880</load_address>
         <run_address>0x880</run_address>
         <size>0x44</size>
         <alignment>0x4</alignment>
         <input_file_ref idref="fl-12"/>
      </object_component>
      <object_component id="oc-1e5">
         <name>.debug_frame</name>
         <load_address>0x8c4</load_address>
         <run_address>0x8c4</run_address>
         <size>0x44</size>
         <alignment>0x4</alignment>
         <input_file_ref idref="fl-12"/>
      </object_component>
      <object_component id="oc-1d2">
         <name>.debug_frame</name>
         <load_address>0x908</load_address>
         <run_address>0x908</run_address>
         <size>0x44</size>
         <alignment>0x4</alignment>
         <input_file_ref idref="fl-12"/>
      </object_component>
      <object_component id="oc-203">
         <name>.debug_frame</name>
         <load_address>0x94c</load_address>
         <run_address>0x94c</run_address>
         <size>0x44</size>
         <alignment>0x4</alignment>
         <input_file_ref idref="fl-12"/>
      </object_component>
      <object_component id="oc-1d9">
         <name>.debug_frame</name>
         <load_address>0x990</load_address>
         <run_address>0x990</run_address>
         <size>0x44</size>
         <alignment>0x4</alignment>
         <input_file_ref idref="fl-12"/>
      </object_component>
      <object_component id="oc-1eb">
         <name>.debug_frame</name>
         <load_address>0x9d4</load_address>
         <run_address>0x9d4</run_address>
         <size>0x40</size>
         <alignment>0x4</alignment>
         <input_file_ref idref="fl-12"/>
      </object_component>
      <object_component id="oc-13a">
         <name>.debug_frame</name>
         <load_address>0xa14</load_address>
         <run_address>0xa14</run_address>
         <size>0x44</size>
         <alignment>0x4</alignment>
         <input_file_ref idref="fl-12"/>
      </object_component>
      <object_component id="oc-134">
         <name>.debug_frame</name>
         <load_address>0xa58</load_address>
         <run_address>0xa58</run_address>
         <size>0x50</size>
         <alignment>0x4</alignment>
         <input_file_ref idref="fl-12"/>
      </object_component>
      <object_component id="oc-1ba">
         <name>.debug_frame</name>
         <load_address>0xaa8</load_address>
         <run_address>0xaa8</run_address>
         <size>0x44</size>
         <alignment>0x4</alignment>
         <input_file_ref idref="fl-12"/>
      </object_component>
      <object_component id="oc-189">
         <name>.debug_frame</name>
         <load_address>0xaec</load_address>
         <run_address>0xaec</run_address>
         <size>0x44</size>
         <alignment>0x4</alignment>
         <input_file_ref idref="fl-12"/>
      </object_component>
      <object_component id="oc-140">
         <name>.debug_frame</name>
         <load_address>0xb30</load_address>
         <run_address>0xb30</run_address>
         <size>0x44</size>
         <alignment>0x4</alignment>
         <input_file_ref idref="fl-12"/>
      </object_component>
      <object_component id="oc-12e">
         <name>.debug_frame</name>
         <load_address>0xb74</load_address>
         <run_address>0xb74</run_address>
         <size>0x44</size>
         <alignment>0x4</alignment>
         <input_file_ref idref="fl-12"/>
      </object_component>
      <object_component id="oc-90">
         <name>.debug_frame</name>
         <load_address>0xbb8</load_address>
         <run_address>0xbb8</run_address>
         <size>0x40</size>
         <alignment>0x4</alignment>
         <input_file_ref idref="fl-20"/>
      </object_component>
      <object_component id="oc-a9">
         <name>.debug_frame</name>
         <load_address>0xbf8</load_address>
         <run_address>0xbf8</run_address>
         <size>0x58</size>
         <alignment>0x4</alignment>
         <input_file_ref idref="fl-21"/>
      </object_component>
      <object_component id="oc-2b">
         <name>.debug_frame</name>
         <load_address>0xc50</load_address>
         <run_address>0xc50</run_address>
         <size>0x40</size>
         <alignment>0x4</alignment>
         <input_file_ref idref="fl-23"/>
      </object_component>
      <object_component id="oc-23">
         <name>.debug_frame</name>
         <load_address>0xc90</load_address>
         <run_address>0xc90</run_address>
         <size>0x40</size>
         <alignment>0x4</alignment>
         <input_file_ref idref="fl-24"/>
      </object_component>
      <object_component id="oc-a0">
         <name>.debug_frame</name>
         <load_address>0xcd0</load_address>
         <run_address>0xcd0</run_address>
         <size>0x60</size>
         <alignment>0x4</alignment>
         <input_file_ref idref="fl-25"/>
      </object_component>
      <object_component id="oc-11a">
         <name>.debug_frame</name>
         <load_address>0xd30</load_address>
         <run_address>0xd30</run_address>
         <size>0x70</size>
         <alignment>0x4</alignment>
         <input_file_ref idref="fl-26"/>
      </object_component>
      <object_component id="oc-9a">
         <name>.debug_frame</name>
         <load_address>0xda0</load_address>
         <run_address>0xda0</run_address>
         <size>0x40</size>
         <alignment>0x4</alignment>
         <input_file_ref idref="fl-27"/>
      </object_component>
      <object_component id="oc-4e">
         <name>.debug_frame</name>
         <load_address>0xde0</load_address>
         <run_address>0xde0</run_address>
         <size>0x40</size>
         <alignment>0x4</alignment>
         <input_file_ref idref="fl-2a"/>
      </object_component>
      <object_component id="oc-ee">
         <name>.debug_frame</name>
         <load_address>0xe20</load_address>
         <run_address>0xe20</run_address>
         <size>0x40</size>
         <alignment>0x4</alignment>
         <input_file_ref idref="fl-2b"/>
      </object_component>
      <object_component id="oc-112">
         <name>.debug_abbrev</name>
         <load_address>0x0</load_address>
         <run_address>0x0</run_address>
         <size>0x48</size>
         <alignment>0x0</alignment>
         <input_file_ref idref="fl-4"/>
      </object_component>
      <object_component id="oc-16e">
         <name>.debug_abbrev</name>
         <load_address>0x48</load_address>
         <run_address>0x48</run_address>
         <size>0x2b</size>
         <alignment>0x0</alignment>
         <input_file_ref idref="fl-4"/>
      </object_component>
      <object_component id="oc-66">
         <name>.debug_abbrev</name>
         <load_address>0x73</load_address>
         <run_address>0x73</run_address>
         <size>0x25</size>
         <alignment>0x0</alignment>
         <input_file_ref idref="fl-5"/>
      </object_component>
      <object_component id="oc-82">
         <name>.debug_abbrev</name>
         <load_address>0x98</load_address>
         <run_address>0x98</run_address>
         <size>0x25</size>
         <alignment>0x0</alignment>
         <input_file_ref idref="fl-5"/>
      </object_component>
      <object_component id="oc-1a7">
         <name>.debug_abbrev</name>
         <load_address>0xbd</load_address>
         <run_address>0xbd</run_address>
         <size>0x28</size>
         <alignment>0x0</alignment>
         <input_file_ref idref="fl-6"/>
      </object_component>
      <object_component id="oc-160">
         <name>.debug_abbrev</name>
         <load_address>0xe5</load_address>
         <run_address>0xe5</run_address>
         <size>0x103</size>
         <alignment>0x0</alignment>
         <input_file_ref idref="fl-6"/>
      </object_component>
      <object_component id="oc-1a9">
         <name>.debug_abbrev</name>
         <load_address>0x1e8</load_address>
         <run_address>0x1e8</run_address>
         <size>0xa5</size>
         <alignment>0x0</alignment>
         <input_file_ref idref="fl-6"/>
      </object_component>
      <object_component id="oc-1ad">
         <name>.debug_abbrev</name>
         <load_address>0x28d</load_address>
         <run_address>0x28d</run_address>
         <size>0x3b</size>
         <alignment>0x0</alignment>
         <input_file_ref idref="fl-7"/>
      </object_component>
      <object_component id="oc-16c">
         <name>.debug_abbrev</name>
         <load_address>0x2c8</load_address>
[...]
               <size>0x191</size>
               <logical_group_ref idref="lg-b"/>
            </allocated_space>
            <available_space>
               <start_address>0xa991</start_address>
               <size>0x1</size>
            </available_space>
            <allocated_space>
               <start_address>0xa992</start_address>
               <size>0x1c</size>
               <logical_group_ref idref="lg-c"/>
            </allocated_space>
            <available_space>
               <start_address>0xa9ae</start_address>
               <size>0x652</size>
            </available_space>
         </usage_details>
      </memory_area>
      <memory_area display="yes" color="green">
         <name>RAMD1</name>
         <page_id>0x1</page_id>
         <origin>0xb800</origin>
         <length>0x800</length>
         <used_space>0x0</used_space>
         <unused_space>0x800</unused_space>
         <attributes>RWIX</attributes>
         <usage_details>
         </usage_details>
      </memory_area>
      <memory_area display="yes" color="green">
         <name>RAMGS0</name>
         <page_id>0x1</page_id>
         <origin>0xc000</origin>
         <length>0x1000</length>
         <used_space>0x0</used_space>
         <unused_space>0x1000</unused_space>
         <attributes>RWIX</attributes>
         <usage_details>
         </usage_details>
      </memory_area>
      <memory_area display="yes" color="green">
         <name>RAMGS1</name>
         <page_id>0x1</page_id>
         <origin>0xd000</origin>
         <length>0x1000</length>
         <used_space>0x0</used_space>
         <unused_space>0x1000</unused_space>
         <attributes>RWIX</attributes>
         <usage_details>
         </usage_details>
      </memory_area>
      <memory_area display="yes" color="green">
         <name>RAMGS2</name>
         <page_id>0x1</page_id>
         <origin>0xe000</origin>
         <length>0x1000</length>
         <used_space>0x0</used_space>
         <unused_space>0x1000</unused_space>
         <attributes>RWIX</attributes>
         <usage_details>
         </usage_details>
      </memory_area>
      <memory_area display="yes" color="green">
         <name>RAMGS3</name>
         <page_id>0x1</page_id>
         <origin>0xf000</origin>
         <length>0x1000</length>
         <used_space>0x0</used_space>
         <unused_space>0x1000</unused_space>
         <attributes>RWIX</attributes>
         <usage_details>
         </usage_details>
      </memory_area>
      <memory_area display="yes" color="green">
         <name>RAMGS4</name>
         <page_id>0x1</page_id>
         <origin>0x10000</origin>
         <length>0x1000</length>
         <used_space>0x0</used_space>
         <unused_space>0x1000</unused_space>
         <attributes>RWIX</attributes>
         <usage_details>
         </usage_details>
      </memory_area>
      <memory_area display="yes" color="green">
         <name>RAMGS5</name>
         <page_id>0x1</page_id>
         <origin>0x11000</origin>
         <length>0x1000</length>
         <used_space>0x0</used_space>
         <unused_space>0x1000</unused_space>
         <attributes>RWIX</attributes>
         <usage_details>
         </usage_details>
      </memory_area>
      <memory_area display="yes" color="green">
         <name>RAMGS6</name>
         <page_id>0x1</page_id>
         <origin>0x12000</origin>
         <length>0x1000</length>
         <used_space>0x0</used_space>
         <unused_space>0x1000</unused_space>
         <attributes>RWIX</attributes>
         <usage_details>
         </usage_details>
      </memory_area>
      <memory_area display="yes" color="green">
         <name>RAMGS7</name>
         <page_id>0x1</page_id>
         <origin>0x13000</origin>
         <length>0x1000</length>
         <used_space>0x0</used_space>
         <unused_space>0x1000</unused_space>
         <attributes>RWIX</attributes>
         <usage_details>
         </usage_details>
      </memory_area>
      <memory_area display="yes" color="green">
         <name>RAMGS8</name>
         <page_id>0x1</page_id>
         <origin>0x14000</origin>
         <length>0x1000</length>
         <used_space>0x0</used_space>
         <unused_space>0x1000</unused_space>
         <attributes>RWIX</attributes>
         <usage_details>
         </usage_details>
      </memory_area>
      <memory_area display="yes" color="green">
         <name>RAMGS9</name>
         <page_id>0x1</page_id>
         <origin>0x15000</origin>
         <length>0x1000</length>
         <used_space>0x0</used_space>
         <unused_space>0x1000</unused_space>
         <attributes>RWIX</attributes>
         <usage_details>
         </usage_details>
      </memory_area>
      <memory_area display="yes" color="green">
         <name>RAMGS10</name>
         <page_id>0x1</page_id>
         <origin>0x16000</origin>
         <length>0x1000</length>
         <used_space>0x0</used_space>
         <unused_space>0x1000</unused_space>
         <attributes>RWIX</attributes>
         <usage_details>
         </usage_details>
      </memory_area>
      <memory_area display="yes" color="green">
         <name>RAMGS11</name>
         <page_id>0x1</page_id>
         <origin>0x17000</origin>
         <length>0x1000</length>
         <used_space>0x0</used_space>
         <unused_space>0x1000</unused_space>
         <attributes>RWIX</attributes>
         <usage_details>
         </usage_details>
      </memory_area>
      <memory_area display="yes" color="green">
         <name>RAMGS12</name>
         <page_id>0x1</page_id>
         <origin>0x18000</origin>
         <length>0x1000</length>
         <used_space>0x0</used_space>
         <unused_space>0x1000</unused_space>
         <attributes>RWIX</attributes>
         <usage_details>
         </usage_details>
      </memory_area>
      <memory_area display="yes" color="green">
         <name>RAMGS13</name>
         <page_id>0x1</page_id>
         <origin>0x19000</origin>
         <length>0x1000</length>
         <used_space>0x0</used_space>
         <unused_space>0x1000</unused_space>
         <attributes>RWIX</attributes>
         <usage_details>
         </usage_details>
      </memory_area>
      <memory_area display="yes" color="green">
         <name>RAMGS14</name>
         <page_id>0x1</page_id>
         <origin>0x1a000</origin>
         <length>0x1000</length>
         <used_space>0x0</used_space>
         <unused_space>0x1000</unused_space>
         <attributes>RWIX</attributes>
         <usage_details>
         </usage_details>
      </memory_area>
      <memory_area display="yes" color="green">
         <name>RAMGS15</name>
         <page_id>0x1</page_id>
         <origin>0x1b000</origin>
         <length>0xff8</length>
         <used_space>0x0</used_space>
         <unused_space>0xff8</unused_space>
         <attributes>RWIX</attributes>
         <usage_details>
         </usage_details>
      </memory_area>
      <memory_area display="yes" color="green">
         <name>CPU2TOCPU1RAM</name>
         <page_id>0x1</page_id>
         <origin>0x3f800</origin>
         <length>0x400</length>
         <used_space>0x0</used_space>
         <unused_space>0x400</unused_space>
         <attributes>RWIX</attributes>
         <usage_details>
         </usage_details>
      </memory_area>
      <memory_area display="yes" color="green">
         <name>CPU1TOCPU2RAM</name>
         <page_id>0x1</page_id>
         <origin>0x3fc00</origin>
         <length>0x400</length>
         <used_space>0x0</used_space>
         <unused_space>0x400</unused_space>
         <attributes>RWIX</attributes>
         <usage_details>
         </usage_details>
      </memory_area>
      <memory_area display="yes" color="green">
         <name>CANA_MSG_RAM</name>
         <page_id>0x1</page_id>
         <origin>0x49000</origin>
         <length>0x800</length>
         <used_space>0x0</used_space>
         <unused_space>0x800</unused_space>
         <attributes>RWIX</attributes>
         <usage_details>
         </usage_details>
      </memory_area>
      <memory_area display="yes" color="green">
         <name>CANB_MSG_RAM</name>
         <page_id>0x1</page_id>
         <origin>0x4b000</origin>
         <length>0x800</length>
         <used_space>0x0</used_space>
         <unused_space>0x800</unused_space>
         <attributes>RWIX</attributes>
         <usage_details>
         </usage_details>
      </memory_area>
   </placement_map>
   <cptbl_list>
      <cptbl>
         <name>__TI_cinit_table</name>
         <cprec>
            <name>.data</name>
            <load_address>0x128</load_address>
            <load_size>0x9</load_size>
            <run_address>0xa992</run_address>
            <run_size>0x1c</run_size>
            <compression>lzss</compression>
         </cprec>
      </cptbl>
   </cptbl_list>
   <handler_table>
      <handler_table_name>__TI_handler_table</handler_table_name>
      <handler>
         <index>0x0</index>
         <name>__TI_decompress_lzss</name>
      </handler>
      <handler>
         <index>0x1</index>
         <name>__TI_decompress_none</name>
      </handler>
   </handler_table>
   <symbol_table>
      <symbol id="sm-1">
         <name>__TI_CINIT_Base</name>
         <value>0x136</value>
      </symbol>
      <symbol id="sm-2">
         <name>__TI_CINIT_Limit</name>
         <value>0x13a</value>
      </symbol>
      <symbol id="sm-3">
         <name>__TI_CINIT_Warm</name>
         <value>0x13a</value>
      </symbol>
      <symbol id="sm-4">
         <name>__TI_Handler_Table_Base</name>
         <value>0x132</value>
      </symbol>
      <symbol id="sm-5">
         <name>__TI_Handler_Table_Limit</name>
         <value>0x136</value>
      </symbol>
      <symbol id="sm-6">
         <name>__TI_STACK_SIZE</name>
         <value>0x100</value>
      </symbol>
      <symbol id="sm-7">
         <name>__TI_STACK_END</name>
         <value>0x500</value>
      </symbol>
      <symbol id="sm-8">
         <name>__c_args__</name>
         <value>0xffffffff</value>
      </symbol>
      <symbol id="sm-9">
         <name>__TI_pprof_out_hndl</name>
         <value>0xffffffff</value>
      </symbol>
      <symbol id="sm-a">
         <name>__TI_prof_data_start</name>
         <value>0xffffffff</value>
      </symbol>
      <symbol id="sm-b">
         <name>__TI_prof_data_size</name>
         <value>0xffffffff</value>
      </symbol>
      <symbol id="sm-40">
         <name>main</name>
         <value>0x8399</value>
         <object_component_ref idref="oc-d7"/>
      </symbol>
      <symbol id="sm-4f">
         <name>code_start</name>
         <value>0x0</value>
         <object_component_ref idref="oc-2d"/>
      </symbol>
      <symbol id="sm-81">
         <name>Device_enableAllPeripherals</name>
         <value>0xb0f0</value>
         <object_component_ref idref="oc-ff"/>
      </symbol>
      <symbol id="sm-82">
         <name>Device_initGPIO</name>
         <value>0xb1db</value>
         <object_component_ref idref="oc-ff"/>
      </symbol>
      <symbol id="sm-83">
         <name>Example_Fail</name>
         <value>0xa9a2</value>
         <object_component_ref idref="oc-15d"/>
      </symbol>
      <symbol id="sm-84">
         <name>Example_setResultFail</name>
         <value>0xb3f9</value>
         <object_component_ref idref="oc-ff"/>
      </symbol>
      <symbol id="sm-85">
         <name>Device_bootCPU2</name>
         <value>0xb273</value>
         <object_component_ref idref="oc-ff"/>
      </symbol>
      <symbol id="sm-86">
         <name>Device_init</name>
         <value>0xb0ae</value>
         <object_component_ref idref="oc-ff"/>
      </symbol>
      <symbol id="sm-87">
         <name>Example_Result</name>
         <value>0xa99e</value>
         <object_component_ref idref="oc-15d"/>
      </symbol>
      <symbol id="sm-88">
         <name>Device_enableUnbondedGPIOPullups</name>
         <value>0xb22c</value>
         <object_component_ref idref="oc-ff"/>
      </symbol>
      <symbol id="sm-89">
         <name>__error__</name>
         <value>0xb3ed</value>
         <object_component_ref idref="oc-ff"/>
      </symbol>
      <symbol id="sm-8a">
         <name>Example_setResultPass</name>
         <value>0xb3f4</value>
         <object_component_ref idref="oc-ff"/>
      </symbol>
      <symbol id="sm-8b">
         <name>Device_configureTMXAnalogTrim</name>
         <value>0xb242</value>
         <object_component_ref idref="oc-ff"/>
      </symbol>
      <symbol id="sm-8c">
         <name>Device_enableUnbondedGPIOPullupsFor176Pin</name>
         <value>0xb1fc</value>
         <object_component_ref idref="oc-ff"/>
      </symbol>
      <symbol id="sm-8d">
         <name>Example_done</name>
         <value>0xb3fe</value>
         <object_component_ref idref="oc-ff"/>
      </symbol>
      <symbol id="sm-8e">
         <name>Example_PassCount</name>
         <value>0xa9a0</value>
         <object_component_ref idref="oc-15d"/>
      </symbol>
      <symbol id="sm-8f">
         <name>Device_enableUnbondedGPIOPullupsFor100Pin</name>
         <value>0xb20f</value>
         <object_component_ref idref="oc-ff"/>
      </symbol>
      <symbol id="sm-d4">
         <name>FSM_Init</name>
         <value>0xb608</value>
         <object_component_ref idref="oc-10b"/>
      </symbol>
      <symbol id="sm-d5">
         <name>FSM_RunCycle</name>
         <value>0xb616</value>
         <object_component_ref idref="oc-10b"/>
      </symbol>
      <symbol id="sm-d6">
         <name>g_faultFlags</name>
         <value>0xa993</value>
         <object_component_ref idref="oc-169"/>
      </symbol>
      <symbol id="sm-d7">
         <name>g_operationCounter</name>
         <value>0xa99c</value>
         <object_component_ref idref="oc-169"/>
      </symbol>
      <symbol id="sm-d8">
         <name>g_converterState</name>
         <value>0xa992</value>
         <object_component_ref idref="oc-169"/>
      </symbol>
      <symbol id="sm-10c">
         <name>GPIO_setQualificationMode</name>
         <value>0x81cc</value>
         <object_component_ref idref="oc-14b"/>
      </symbol>
      <symbol id="sm-10d">
         <name>GPIO_setDirectionMode</name>
         <value>0x8203</value>
         <object_component_ref idref="oc-145"/>
      </symbol>
      <symbol id="sm-10e">
         <name>GPIO_setPinConfig</name>
         <value>0x8195</value>
         <object_component_ref idref="oc-151"/>
      </symbol>
      <symbol id="sm-10f">
         <name>GPIO_setControllerCore</name>
         <value>0x815e</value>
         <object_component_ref idref="oc-157"/>
      </symbol>
      <symbol id="sm-149">
         <name>Interrupt_defaultHandler</name>
         <value>0x8383</value>
         <object_component_ref idref="oc-32"/>
      </symbol>
      <symbol id="sm-14a">
         <name>Interrupt_initModule</name>
         <value>0x8121</value>
         <object_component_ref idref="oc-105"/>
      </symbol>
      <symbol id="sm-14b">
         <name>Interrupt_nmiHandler</name>
         <value>0x8449</value>
         <object_component_ref idref="oc-44"/>
      </symbol>
      <symbol id="sm-14c">
         <name>Interrupt_initVectorTable</name>
         <value>0x831d</value>
         <object_component_ref idref="oc-36"/>
      </symbol>
      <symbol id="sm-14d">
         <name>Interrupt_illegalOperationHandler</name>
         <value>0x843f</value>
         <object_component_ref idref="oc-3e"/>
      </symbol>
      <symbol id="sm-226">
         <name>SysCtl_delay</name>
         <value>0x123</value>
         <object_component_ref idref="oc-111"/>
      </symbol>
      <symbol id="sm-227">
         <name>SysCtl_getDeviceParametric</name>
         <value>0xb77b</value>
         <object_component_ref idref="oc-12c"/>
      </symbol>
      <symbol id="sm-228">
         <name>SysCtl_selectXTAL</name>
         <value>0xb6eb</value>
         <object_component_ref idref="oc-1b8"/>
      </symbol>
      <symbol id="sm-229">
         <name>SysCtl_selectOscSource</name>
         <value>0x80d9</value>
         <object_component_ref idref="oc-187"/>
      </symbol>
      <symbol id="sm-22a">
         <name>SysCtl_getLowSpeedClock</name>
         <value>0x833b</value>
         <object_component_ref idref="oc-13f"/>
      </symbol>
      <symbol id="sm-22b">
         <name>SysCtl_setClock</name>
         <value>0xb3ff</value>
         <object_component_ref idref="oc-132"/>
      </symbol>
      <symbol id="sm-22c">
         <name>SysCtl_getClock</name>
         <value>0x8088</value>
         <object_component_ref idref="oc-138"/>
      </symbol>
      <symbol id="sm-236">
         <name>_c_int00</name>
         <value>0x836c</value>
         <object_component_ref idref="oc-7d"/>
      </symbol>
      <symbol id="sm-237">
         <name>__stack</name>
         <value>0x400</value>
         <object_component_ref idref="oc-4a"/>
      </symbol>
      <symbol id="sm-244">
         <name>__c28xabi_divf</name>
         <value>0x8000</value>
         <object_component_ref idref="oc-193"/>
      </symbol>
      <symbol id="sm-251">
         <name>_system_pre_init</name>
         <value>0xb7fd</value>
         <object_component_ref idref="oc-8e"/>
      </symbol>
      <symbol id="sm-260">
         <name>__TI_auto_init_nobinit_nopinit</name>
         <value>0x8262</value>
         <object_component_ref idref="oc-a7"/>
      </symbol>
      <symbol id="sm-26e">
         <name>__TI_decompress_none</name>
         <value>0x846d</value>
         <object_component_ref idref="oc-26"/>
      </symbol>
      <symbol id="sm-282">
         <name>__TI_decompress_lzss</name>
         <value>0x8234</value>
         <object_component_ref idref="oc-20"/>
      </symbol>
      <symbol id="sm-298">
         <name>C$$EXIT</name>
         <value>0x828d</value>
         <object_component_ref idref="oc-9b"/>
      </symbol>
      <symbol id="sm-299">
         <name>abort</name>
         <value>0x828d</value>
         <object_component_ref idref="oc-9b"/>
      </symbol>
      <symbol id="sm-29a">
         <name>exit</name>
         <value>0x828f</value>
         <object_component_ref idref="oc-9b"/>
      </symbol>
      <symbol id="sm-29b">
         <name>__TI_dtors_ptr</name>
         <value>0xa9a8</value>
         <object_component_ref idref="oc-df"/>
      </symbol>
      <symbol id="sm-29c">
         <name>__TI_cleanup_ptr</name>
         <value>0xa9a6</value>
         <object_component_ref idref="oc-df"/>
      </symbol>
      <symbol id="sm-29d">
         <name>__TI_enable_exit_profile_output</name>
         <value>0xa9a4</value>
         <object_component_ref idref="oc-df"/>
      </symbol>
      <symbol id="sm-2b4">
         <name>_nop</name>
         <value>0x8464</value>
         <object_component_ref idref="oc-119"/>
      </symbol>
      <symbol id="sm-2b5">
         <name>_lock</name>
         <value>0xa9aa</value>
         <object_component_ref idref="oc-e2"/>
      </symbol>
      <symbol id="sm-2b6">
         <name>_unlock</name>
         <value>0xa9ac</value>
         <object_component_ref idref="oc-171"/>
      </symbol>
      <symbol id="sm-2b7">
         <name>_register_lock</name>
         <value>0x8460</value>
         <object_component_ref idref="oc-119"/>
      </symbol>
      <symbol id="sm-2b8">
         <name>_register_unlock</name>
         <value>0x845c</value>
         <object_component_ref idref="oc-119"/>
      </symbol>
      <symbol id="sm-2c7">
         <name>_args_main</name>
         <value>0x83e7</value>
         <object_component_ref idref="oc-95"/>
      </symbol>
      <symbol id="sm-2db">
         <name>memcpy</name>
         <value>0x82de</value>
         <object_component_ref idref="oc-4d"/>
      </symbol>
      <symbol id="sm-2e8">
         <name>_system_post_cinit</name>
         <value>0xb7ff</value>
         <object_component_ref idref="oc-ea"/>
      </symbol>
   </symbol_table>
   <title>Link successful</title>
</link_info>
